// Jest Snapshot v1, https://goo.gl/fbAQLP

exports[`TickerItem should create TickerItem 1`] = `
Object {
  "asFragment": [Function],
  "baseElement": <body>
    <div>
      <li
        class="sc-beqWaB hGnoLw"
      >
        <p
          class="sc-dmqHEX bpALzf"
        >
          AAPL
        </p>
        <div
          class="sc-fsQiph kBPtz"
        >
          <div
            class="sc-jTrPJq fxBkmO"
          >
            <p
              class="sc-gueYoa cREwfY"
            >
              AAPL
            </p>
            <p
              class="sc-gueYoa cyjlUp"
            >
              NASDAQ
            </p>
            <p
              class="sc-gueYoa bTWLfY"
            />
          </div>
          <div
            class="sc-jTrPJq fxBkmO"
          >
            <span
              class="sc-eDDNvR kIfbgJ"
            >
              price
            </span>
            <p
              class="sc-gueYoa iaELNR"
            >
              244.12
               $
            </p>
          </div>
          <div
            class="sc-jTrPJq fxBkmO"
          >
             
            <span
              class="sc-eDDNvR gWrwdm"
            >
              change
            </span>
            <p
              class="sc-gueYoa cyhKkj"
            >
              77.83
            </p>
            <span
              class="sc-eDDNvR gWrwdm"
            >
              change percent
            </span>
            <p
              class="sc-hLseeU gRUfpW"
            >
              0.02
            </p>
          </div>
          <div
            class="sc-jTrPJq fxBkmO"
          >
            <span
              class="sc-eDDNvR gWrwdm"
            >
              divident
            </span>
            <p
              class="sc-hLseeU iYoloe"
            >
              0.59
            </p>
            <span
              class="sc-eDDNvR gWrwdm"
            >
              yield
            </span>
            <p
              class="sc-hLseeU gRUfpW"
            />
          </div>
          <div
            class="sc-jTrPJq fxBkmO"
          >
            <button
              aria-label="button-name"
              class="sc-gLDzan cjWNrq"
            >
              <div>
                <svg
                  fill="currentColor"
                  height="2.5em"
                  stroke="currentColor"
                  stroke-width="0"
                  style="color: rgb(169, 169, 169);"
                  version="1.1"
                  viewBox="0 0 16 16"
                  width="2.5em"
                  xmlns="http://www.w3.org/2000/svg"
                >
                  <path
                    d="M2 5v10c0 0.55 0.45 1 1 1h9c0.55 0 1-0.45 1-1v-10h-11zM5 14h-1v-7h1v7zM7 14h-1v-7h1v7zM9 14h-1v-7h1v7zM11 14h-1v-7h1v7z"
                  />
                  <path
                    d="M13.25 2h-3.25v-1.25c0-0.412-0.338-0.75-0.75-0.75h-3.5c-0.412 0-0.75 0.338-0.75 0.75v1.25h-3.25c-0.413 0-0.75 0.337-0.75 0.75v1.25h13v-1.25c0-0.413-0.338-0.75-0.75-0.75zM9 2h-3v-0.987h3v0.987z"
                  />
                </svg>
              </div>
              <div
                class="sc-iAEyYk kDAFIS"
              >
                Remove from the list
              </div>
            </button>
          </div>
        </div>
        <button
          class="sc-gLDzan cibNDo"
        >
          show less
        </button>
      </li>
    </div>
  </body>,
  "container": <div>
    <li
      class="sc-beqWaB hGnoLw"
    >
      <p
        class="sc-dmqHEX bpALzf"
      >
        AAPL
      </p>
      <div
        class="sc-fsQiph kBPtz"
      >
        <div
          class="sc-jTrPJq fxBkmO"
        >
          <p
            class="sc-gueYoa cREwfY"
          >
            AAPL
          </p>
          <p
            class="sc-gueYoa cyjlUp"
          >
            NASDAQ
          </p>
          <p
            class="sc-gueYoa bTWLfY"
          />
        </div>
        <div
          class="sc-jTrPJq fxBkmO"
        >
          <span
            class="sc-eDDNvR kIfbgJ"
          >
            price
          </span>
          <p
            class="sc-gueYoa iaELNR"
          >
            244.12
             $
          </p>
        </div>
        <div
          class="sc-jTrPJq fxBkmO"
        >
           
          <span
            class="sc-eDDNvR gWrwdm"
          >
            change
          </span>
          <p
            class="sc-gueYoa cyhKkj"
          >
            77.83
          </p>
          <span
            class="sc-eDDNvR gWrwdm"
          >
            change percent
          </span>
          <p
            class="sc-hLseeU gRUfpW"
          >
            0.02
          </p>
        </div>
        <div
          class="sc-jTrPJq fxBkmO"
        >
          <span
            class="sc-eDDNvR gWrwdm"
          >
            divident
          </span>
          <p
            class="sc-hLseeU iYoloe"
          >
            0.59
          </p>
          <span
            class="sc-eDDNvR gWrwdm"
          >
            yield
          </span>
          <p
            class="sc-hLseeU gRUfpW"
          />
        </div>
        <div
          class="sc-jTrPJq fxBkmO"
        >
          <button
            aria-label="button-name"
            class="sc-gLDzan cjWNrq"
          >
            <div>
              <svg
                fill="currentColor"
                height="2.5em"
                stroke="currentColor"
                stroke-width="0"
                style="color: rgb(169, 169, 169);"
                version="1.1"
                viewBox="0 0 16 16"
                width="2.5em"
                xmlns="http://www.w3.org/2000/svg"
              >
                <path
                  d="M2 5v10c0 0.55 0.45 1 1 1h9c0.55 0 1-0.45 1-1v-10h-11zM5 14h-1v-7h1v7zM7 14h-1v-7h1v7zM9 14h-1v-7h1v7zM11 14h-1v-7h1v7z"
                />
                <path
                  d="M13.25 2h-3.25v-1.25c0-0.412-0.338-0.75-0.75-0.75h-3.5c-0.412 0-0.75 0.338-0.75 0.75v1.25h-3.25c-0.413 0-0.75 0.337-0.75 0.75v1.25h13v-1.25c0-0.413-0.338-0.75-0.75-0.75zM9 2h-3v-0.987h3v0.987z"
                />
              </svg>
            </div>
            <div
              class="sc-iAEyYk kDAFIS"
            >
              Remove from the list
            </div>
          </button>
        </div>
      </div>
      <button
        class="sc-gLDzan cibNDo"
      >
        show less
      </button>
    </li>
  </div>,
  "debug": [Function],
  "findAllByAltText": [Function],
  "findAllByDisplayValue": [Function],
  "findAllByLabelText": [Function],
  "findAllByPlaceholderText": [Function],
  "findAllByRole": [Function],
  "findAllByTestId": [Function],
  "findAllByText": [Function],
  "findAllByTitle": [Function],
  "findByAltText": [Function],
  "findByDisplayValue": [Function],
  "findByLabelText": [Function],
  "findByPlaceholderText": [Function],
  "findByRole": [Function],
  "findByTestId": [Function],
  "findByText": [Function],
  "findByTitle": [Function],
  "getAllByAltText": [Function],
  "getAllByDisplayValue": [Function],
  "getAllByLabelText": [Function],
  "getAllByPlaceholderText": [Function],
  "getAllByRole": [Function],
  "getAllByTestId": [Function],
  "getAllByText": [Function],
  "getAllByTitle": [Function],
  "getByAltText": [Function],
  "getByDisplayValue": [Function],
  "getByLabelText": [Function],
  "getByPlaceholderText": [Function],
  "getByRole": [Function],
  "getByTestId": [Function],
  "getByText": [Function],
  "getByTitle": [Function],
  "queryAllByAltText": [Function],
  "queryAllByDisplayValue": [Function],
  "queryAllByLabelText": [Function],
  "queryAllByPlaceholderText": [Function],
  "queryAllByRole": [Function],
  "queryAllByTestId": [Function],
  "queryAllByText": [Function],
  "queryAllByTitle": [Function],
  "queryByAltText": [Function],
  "queryByDisplayValue": [Function],
  "queryByLabelText": [Function],
  "queryByPlaceholderText": [Function],
  "queryByRole": [Function],
  "queryByTestId": [Function],
  "queryByText": [Function],
  "queryByTitle": [Function],
  "rerender": [Function],
  "unmount": [Function],
}
`;
